// Vitest Snapshot v1, https://vitest.dev/guide/snapshot.html

exports[`golden battle logs > bard vs hunter, so the Verse machinery is frozen too 1`] = `
[
  "start Bard(6361) vs Hunter(6361) first=b",
  "-- round 1",
  "a verse discord",
  "b attack raw=1187 final=926",
  "a -926 => 5435",
  "b dodged",
  "-- round 2",
  "b attack raw=796 final=621",
  "a -621 => 4814",
  "b dodged",
  "-- round 3",
  "b missed",
  "a attack raw=1288 final=966",
  "b -966 => 5395",
  "-- round 4",
  "b attack raw=957 final=746",
  "a -746 => 4068",
  "a attack raw=1114 final=835",
  "b -835 => 4560",
  "-- round 5",
  "a verse discord",
  "b missed",
  "b dodged",
  "-- round 6",
  "b missed",
  "b dodged",
  "-- round 7",
  "b attack raw=1127 final=879",
  "a -879 => 3189",
  "b dodged",
  "-- round 8",
  "b attack raw=1230 final=960",
  "a -960 => 2229",
  "a attack raw=1581 final=1186",
  "b -1186 => 3374",
  "-- round 9",
  "a verse ironsong",
  "b attack raw=1090 final=638",
  "a -638 => 1591",
  "a attack raw=1436 final=1077",
  "b -1077 => 2297",
  "-- round 10",
  "b attack raw=991 final=580",
  "a -580 => 1011",
  "a attack raw=1119 final=840",
  "b -840 => 1457",
  "-- round 11",
  "b attack raw=1025 final=600",
  "a -600 => 411",
  "a attack raw=1332 final=999",
  "b -999 => 458",
  "-- round 12",
  "b attack raw=1237 final=723",
  "a -723 => 0",
  "a KO",
  "end winner=b rounds=12 (knockout)",
]
`;

exports[`golden battle logs > freezes the reference combatants themselves 1`] = `
[
  "warrior: hp=5678 dmg=48-72 armour=770 drCap=0.35",
  "bard: hp=4680 dmg=66-111 armour=770 drCap=0.22",
  "mage: hp=4243 dmg=70-185 armour=770 drCap=0.15",
  "hunter: hp=4680 dmg=51-80 armour=770 drCap=0.25",
  "swashbuckler: hp=4940 dmg=47-71 armour=770 drCap=0.25",
]
`;

exports[`golden battle logs > mage vs warrior, the sharpest counter in the game 1`] = `
[
  "start Mage(4243) vs Warrior(5678) first=b",
  "-- round 1",
  "b attack raw=593 final=504",
  "a -504 => 3739",
  "a attack raw=2062 final=1340",
  "b -1340 => 4338",
  "-- round 2",
  "b attack raw=612 final=520",
  "a -520 => 3219",
  "a attack raw=2094 final=1361",
  "b -1361 => 2977",
  "-- round 3",
  "b attack raw=538 final=458",
  "a -458 => 2761",
  "a attack raw=907 final=590",
  "b -590 => 2387",
  "-- round 4",
  "b attack raw=642 final=546",
  "a -546 => 2215",
  "a attack raw=1711 final=1112",
  "b -1112 => 1275",
  "-- round 5",
  "b attack raw=772 final=656",
  "a -656 => 1559",
  "a attack raw=1607 final=1045",
  "b -1045 => 230",
  "-- round 6",
  "b attack raw=614 final=522",
  "a -522 => 1037",
  "b blocked",
  "-- round 7",
  "b attack raw=1106 final=940 CRIT",
  "a -940 => 97",
  "a attack raw=2077 final=1350",
  "b -1350 => 0",
  "b KO",
  "end winner=a rounds=7 (knockout)",
]
`;

exports[`golden battle logs > swashbuckler vs dungeon boss 1`] = `
[
  "start Swashbuckler(11218) vs The Pale Margrave(43425) first=a",
  "-- round 1",
  "a attack raw=1291 final=710",
  "b -710 => 42715",
  "b attack raw=1047 final=785",
  "a -785 => 10433",
  "-- round 2",
  "b blocked",
  "a attack raw=1073 final=590 followup",
  "b -590 => 42125",
  "b attack raw=743 final=557",
  "a -557 => 9876",
  "-- round 3",
  "a attack raw=1329 final=731",
  "b -731 => 41394",
  "b attack raw=952 final=714",
  "a -714 => 9162",
  "-- round 4",
  "a attack raw=1506 final=828",
  "b -828 => 40566",
  "b blocked",
  "b attack raw=1038 final=778",
  "a -778 => 8384",
  "-- round 5",
  "a attack raw=1531 final=842",
  "b -842 => 39724",
  "b blocked",
  "b attack raw=717 final=538",
  "a -538 => 7846",
  "-- round 6",
  "a attack raw=1697 final=934",
  "b -934 => 38790",
  "b attack raw=963 final=722",
  "a -722 => 7124",
  "-- round 7",
  "a attack raw=1648 final=906",
  "b -906 => 37884",
  "a attack raw=987 final=543 followup",
  "b -543 => 37341",
  "b attack raw=844 final=633",
  "a -633 => 6491",
  "-- round 8",
  "b blocked",
  "a attack raw=933 final=513 followup",
  "b -513 => 36828",
  "b attack raw=1047 final=786",
  "a -786 => 5705",
  "-- round 9",
  "a attack raw=1624 final=893",
  "b -893 => 35935",
  "a attack raw=888 final=488 followup",
  "b -488 => 35447",
  "b attack raw=1021 final=766",
  "a -766 => 4939",
  "-- round 10",
  "a attack raw=1430 final=786",
  "b -786 => 34661",
  "a attack raw=1274 final=701 followup",
  "b -701 => 33960",
  "b attack raw=868 final=651",
  "a -651 => 4288",
  "-- round 11",
  "a attack raw=1213 final=667",
  "b -667 => 33293",
  "a attack raw=1303 final=716 followup",
  "b -716 => 32577",
  "b attack raw=807 final=605",
  "a -605 => 3683",
  "-- round 12",
  "a attack raw=1295 final=712",
  "b -712 => 31865",
  "b blocked",
  "a dodged",
  "-- round 13",
  "a attack raw=1208 final=665",
  "b -665 => 31200",
  "b blocked",
  "b attack raw=702 final=527",
  "a -527 => 3156",
  "-- round 14",
  "a attack raw=1618 final=890",
  "b -890 => 30310",
  "a attack raw=923 final=508 followup",
  "b -508 => 29802",
  "b attack raw=961 final=721",
  "a -721 => 2435",
  "-- round 15",
  "a attack raw=1383 final=761",
  "b -761 => 29041",
  "a attack raw=1242 final=683 followup",
  "b -683 => 28358",
  "b attack raw=751 final=564",
  "a -564 => 1871",
  "-- round 16",
  "a attack raw=1232 final=678",
  "b -678 => 27680",
  "a attack raw=1157 final=637 followup",
  "b -637 => 27043",
  "a dodged",
  "-- round 17",
  "a attack raw=1188 final=653",
  "b -653 => 26390",
  "a attack raw=971 final=534 followup",
  "b -534 => 25856",
  "b attack raw=855 final=642",
  "a -642 => 1229",
  "-- round 18",
  "a attack raw=1493 final=821",
  "b -821 => 25035",
  "a attack raw=1275 final=701 followup",
  "b -701 => 24334",
  "b attack raw=949 final=712",
  "a -712 => 517",
  "-- round 19",
  "b blocked",
  "a attack raw=988 final=543 followup",
  "b -543 => 23791",
  "b attack raw=1585 final=1189 CRIT",
  "a -1189 => 0",
  "a KO",
  "end winner=b rounds=19 (knockout)",
]
`;

exports[`golden battle logs > warrior vs mission bruiser 1`] = `
[
  "start Warrior(1802) vs Sootback Boar(1001) first=b",
  "-- round 1",
  "b attack raw=160 final=104",
  "a -104 => 1698",
  "a attack raw=201 final=140",
  "b -140 => 861",
  "-- round 2",
  "b attack raw=129 final=84",
  "a -84 => 1614",
  "a attack raw=234 final=164",
  "b -164 => 697",
  "-- round 3",
  "b attack raw=129 final=84",
  "a -84 => 1530",
  "a attack raw=177 final=124",
  "b -124 => 573",
  "-- round 4",
  "b attack raw=177 final=115",
  "a -115 => 1415",
  "a attack raw=177 final=124",
  "b -124 => 449",
  "-- round 5",
  "b attack raw=161 final=105",
  "a -105 => 1310",
  "a attack raw=219 final=153",
  "b -153 => 296",
  "-- round 6",
  "b attack raw=167 final=108",
  "a -108 => 1202",
  "a attack raw=180 final=126",
  "b -126 => 170",
  "-- round 7",
  "a blocked",
  "a attack raw=248 final=174",
  "b -174 => 0",
  "b KO",
  "end winner=a rounds=7 (knockout)",
]
`;
