// Vitest Snapshot v1, https://vitest.dev/guide/snapshot.html

exports[`golden battle logs > bard vs hunter, so the Verse machinery is frozen too 1`] = `
[
  "start Bard(6361) vs Hunter(6361) first=b",
  "-- round 1",
  "a verse discord",
  "b attack raw=1187 final=926",
  "a -926 => 5435",
  "b dodged",
  "-- round 2",
  "b attack raw=796 final=621",
  "a -621 => 4814",
  "b dodged",
  "-- round 3",
  "b missed",
  "a attack raw=1288 final=966",
  "b -966 => 5395",
  "-- round 4",
  "b attack raw=957 final=746",
  "a -746 => 4068",
  "a attack raw=1114 final=835",
  "b -835 => 4560",
  "-- round 5",
  "a verse discord",
  "b missed",
  "b dodged",
  "-- round 6",
  "b missed",
  "b dodged",
  "-- round 7",
  "b attack raw=1127 final=879",
  "a -879 => 3189",
  "b dodged",
  "-- round 8",
  "b attack raw=1230 final=960",
  "a -960 => 2229",
  "a attack raw=1581 final=1186",
  "b -1186 => 3374",
  "-- round 9",
  "a verse ironsong",
  "b attack raw=1090 final=638",
  "a -638 => 1591",
  "a attack raw=1436 final=1077",
  "b -1077 => 2297",
  "-- round 10",
  "b attack raw=991 final=580",
  "a -580 => 1011",
  "a attack raw=1119 final=840",
  "b -840 => 1457",
  "-- round 11",
  "b attack raw=1025 final=600",
  "a -600 => 411",
  "a attack raw=1332 final=999",
  "b -999 => 458",
  "-- round 12",
  "b attack raw=1237 final=723",
  "a -723 => 0",
  "a KO",
  "end winner=b rounds=12 (knockout)",
]
`;

exports[`golden battle logs > freezes the reference combatants themselves 1`] = `
[
  "warrior: hp=5678 dmg=48-72 armour=770 drCap=0.35",
  "bard: hp=4680 dmg=66-111 armour=770 drCap=0.22",
  "mage: hp=4243 dmg=70-185 armour=770 drCap=0.15",
  "hunter: hp=4680 dmg=51-80 armour=770 drCap=0.25",
  "swashbuckler: hp=4940 dmg=47-71 armour=770 drCap=0.25",
]
`;

exports[`golden battle logs > mage vs warrior, the sharpest counter in the game 1`] = `
[
  "start Mage(4243) vs Warrior(5678) first=b",
  "-- round 1",
  "b attack raw=593 final=504",
  "a -504 => 3739",
  "a attack raw=2062 final=1340",
  "b -1340 => 4338",
  "-- round 2",
  "b attack raw=612 final=520",
  "a -520 => 3219",
  "a attack raw=2094 final=1361",
  "b -1361 => 2977",
  "-- round 3",
  "b attack raw=538 final=458",
  "a -458 => 2761",
  "a attack raw=907 final=590",
  "b -590 => 2387",
  "-- round 4",
  "b attack raw=642 final=546",
  "a -546 => 2215",
  "a attack raw=1711 final=1112",
  "b -1112 => 1275",
  "-- round 5",
  "b attack raw=772 final=656",
  "a -656 => 1559",
  "a attack raw=1607 final=1045",
  "b -1045 => 230",
  "-- round 6",
  "b attack raw=614 final=522",
  "a -522 => 1037",
  "b blocked",
  "-- round 7",
  "b attack raw=1106 final=940 CRIT",
  "a -940 => 97",
  "a attack raw=2077 final=1350",
  "b -1350 => 0",
  "b KO",
  "end winner=a rounds=7 (knockout)",
]
`;

exports[`golden battle logs > swashbuckler vs dungeon boss 1`] = `
[
  "start Swashbuckler(11218) vs The Pale Margrave(27792) first=a",
  "-- round 1",
  "a attack raw=1291 final=903",
  "b -903 => 26889",
  "b attack raw=1670 final=1253",
  "a -1253 => 9965",
  "-- round 2",
  "b blocked",
  "a attack raw=1073 final=751 followup",
  "b -751 => 26138",
  "b attack raw=1183 final=887",
  "a -887 => 9078",
  "-- round 3",
  "a attack raw=1329 final=931",
  "b -931 => 25207",
  "b attack raw=1518 final=1138",
  "a -1138 => 7940",
  "-- round 4",
  "a attack raw=1506 final=1054",
  "b -1054 => 24153",
  "b blocked",
  "b attack raw=1656 final=1242",
  "a -1242 => 6698",
  "-- round 5",
  "a attack raw=1531 final=1072",
  "b -1072 => 23081",
  "b blocked",
  "b attack raw=1141 final=856",
  "a -856 => 5842",
  "-- round 6",
  "a attack raw=1697 final=1188",
  "b -1188 => 21893",
  "b attack raw=1536 final=1152",
  "a -1152 => 4690",
  "-- round 7",
  "a attack raw=1648 final=1154",
  "b -1154 => 20739",
  "a attack raw=987 final=691 followup",
  "b -691 => 20048",
  "b attack raw=1344 final=1008",
  "a -1008 => 3682",
  "-- round 8",
  "b blocked",
  "a attack raw=933 final=653 followup",
  "b -653 => 19395",
  "b attack raw=1672 final=1254",
  "a -1254 => 2428",
  "-- round 9",
  "a attack raw=1624 final=1137",
  "b -1137 => 18258",
  "a attack raw=888 final=622 followup",
  "b -622 => 17636",
  "b attack raw=1630 final=1222",
  "a -1222 => 1206",
  "-- round 10",
  "a attack raw=1430 final=1001",
  "b -1001 => 16635",
  "a attack raw=1274 final=892 followup",
  "b -892 => 15743",
  "b attack raw=1384 final=1038",
  "a -1038 => 168",
  "-- round 11",
  "a attack raw=1213 final=849",
  "b -849 => 14894",
  "a attack raw=1303 final=912 followup",
  "b -912 => 13982",
  "b attack raw=1285 final=964",
  "a -964 => 0",
  "a KO",
  "end winner=b rounds=11 (knockout)",
]
`;

exports[`golden battle logs > warrior vs mission bruiser 1`] = `
[
  "start Warrior(1802) vs Sootback Boar(1001) first=b",
  "-- round 1",
  "b attack raw=160 final=104",
  "a -104 => 1698",
  "a attack raw=201 final=140",
  "b -140 => 861",
  "-- round 2",
  "b attack raw=129 final=84",
  "a -84 => 1614",
  "a attack raw=234 final=164",
  "b -164 => 697",
  "-- round 3",
  "b attack raw=129 final=84",
  "a -84 => 1530",
  "a attack raw=177 final=124",
  "b -124 => 573",
  "-- round 4",
  "b attack raw=177 final=115",
  "a -115 => 1415",
  "a attack raw=177 final=124",
  "b -124 => 449",
  "-- round 5",
  "b attack raw=161 final=105",
  "a -105 => 1310",
  "a attack raw=219 final=153",
  "b -153 => 296",
  "-- round 6",
  "b attack raw=167 final=108",
  "a -108 => 1202",
  "a attack raw=180 final=126",
  "b -126 => 170",
  "-- round 7",
  "a blocked",
  "a attack raw=248 final=174",
  "b -174 => 0",
  "b KO",
  "end winner=a rounds=7 (knockout)",
]
`;
